
> agency-intake-site@0.1.0 build
> next build

 ⚠ Warning: Next.js inferred your workspace root, but it may not be correct.
 We detected multiple lockfiles and selected the directory of C:\Users\jensy\Documents\Websites\package-lock.json as the root directory.
 To silence this warning, set `outputFileTracingRoot` in your Next.js config, or consider removing one of the lockfiles if it's not needed.
   See https://nextjs.org/docs/app/api-reference/config/next-config-js/output#caveats for more information.
 Detected additional lockfiles: 
   * C:\Users\jensy\Documents\Websites\agency-intake-site\package-lock.json

   ▲ Next.js 15.5.0
   - Environments: .env.local, .env

   Creating an optimized production build ...
 ✓ Compiled successfully in 5.1s
   Skipping linting
   Checking validity of types ...
Failed to compile.

./src/components/PortfolioShowcase.tsx:148:25
Type error: Type 'Element' is not assignable to type 'null | undefined'.

[0m [90m 146 |[39m                         showTooltip[33m=[39m{[36mtrue[39m}
 [90m 147 |[39m                         displayOverlayContent[33m=[39m{[36mtrue[39m}
[31m[1m>[22m[39m[90m 148 |[39m                         overlayContent[33m=[39m{
 [90m     |[39m                         [31m[1m^[22m[39m
 [90m 149 |[39m                             [33m<[39m[33mdiv[39m className[33m=[39m[32m"absolute bottom-0 left-0 right-0 p-6 bg-gradient-to-t from-black/80 to-transparent text-white opacity-0 hover:opacity-100 transition-opacity duration-300"[39m[33m>[39m
 [90m 150 |[39m                                 [33m<[39m[33mp[39m className[33m=[39m[32m"font-semibold flex items-center gap-2"[39m style[33m=[39m{{ color[33m:[39m buttonColor }}[33m>[39m
 [90m 151 |[39m                                     [33mView[39m [33mProject[39m [33m<[39m[33mExternalLink[39m className[33m=[39m[32m"w-4 h-4"[39m [33m/[39m[33m>[39m[0m
Next.js build worker exited with code: 1 and signal: null
